version https://git-lfs.github.com/spec/v1
oid sha256:d952f48a6a1576ecbc4dff0c1ee76ef505adb60dd29c4812bd39d527801cf32b
size 3131
